// Jest Snapshot v1, https://goo.gl/fbAQLP

exports[`HomePage should render correctly  1`] = `
Array [
  <header
    className="sc-gsTCUz fGMqH"
  >
    <div
      className="container"
    >
      <h1>
        a11y ac
      </h1>
      <button
        className="sc-bdfBwQ deIdxu"
        onClick={[Function]}
      >
        dark mode
      </button>
    </div>
  </header>,
  <div
    className="sc-eCssSg dbFABd"
  >
    <nav
      className="sc-dlfnbm rCDUj"
    >
      <ul>
        <li>
          <a
            href="/new-component"
            onClick={[Function]}
            onMouseEnter={[Function]}
          >
            New Component
          </a>
        </li>
        <li>
          <a
            href="/component-listing"
            onClick={[Function]}
            onMouseEnter={[Function]}
          >
            Current Components
          </a>
        </li>
      </ul>
    </nav>
    <main>
      <div
        className="sc-hKgILt dlgEKj"
      >
        <p
          className="h3"
          role="alert"
        >
          
        </p>
      </div>
      <h1>
        Hi people
      </h1>
      <p>
        Welcome to your new Gatsby site.
      </p>
      <p>
        Now go build something great.
      </p>
      <p>
        <a
          href="/page-2/"
          onClick={[Function]}
          onMouseEnter={[Function]}
        >
          Go to page 2
        </a>
         
        <br />
        <a
          href="/using-typescript/"
          onClick={[Function]}
          onMouseEnter={[Function]}
        >
          Go to "Using TypeScript"
        </a>
      </p>
    </main>
  </div>,
]
`;
