// Jest Snapshot v1, https://goo.gl/fbAQLP

exports[`Header should render correctly  1`] = `
<header
  className="sc-gsTCUz fGMqH"
>
  <div
    className="container"
  >
    <h1 />
    <button
      className="sc-bdfBwQ deIdxu"
      onClick={[Function]}
    >
      dark mode
    </button>
  </div>
</header>
`;
