// Jest Snapshot v1, https://goo.gl/fbAQLP

exports[`Layout should render correctly  1`] = `
Array [
  <header
    className="sc-gsTCUz fGMqH"
  >
    <div
      className="container"
    >
      <h1 />
      <button
        className="sc-bdfBwQ deIdxu"
        onClick={[Function]}
      >
        dark mode
      </button>
    </div>
  </header>,
  <div
    className="sc-eCssSg dbFABd"
  >
    <nav
      className="sc-dlfnbm rCDUj"
    >
      <ul>
        <li>
          <a
            href="/new-component"
            onClick={[Function]}
            onMouseEnter={[Function]}
          >
            New Component
          </a>
        </li>
        <li>
          <a
            href="/component-listing"
            onClick={[Function]}
            onMouseEnter={[Function]}
          >
            Current Components
          </a>
        </li>
      </ul>
    </nav>
    <main>
      <div
        className="sc-hKgILt hnwxEl"
      >
        <p
          className="h3"
          role="alert"
        >
          
        </p>
      </div>
    </main>
  </div>,
]
`;
